Microchip Technology Inc, v1.26 (A)

Tool Name:
  c:\program files (x86)\microchip\xc16\v1.26\bin\bin\..\bin/elf-ld.exe

Command:
  -p30F4013 \
  -o \
  dist/default/production/charger.X.production.elf \
  -Lc:/program files (x86)/microchip/xc16/v1.26/bin/bin/.. \
  -Lc:/program files (x86)/microchip/xc16/v1.26/bin/bin/../../lib \
  -Lc:/program files (x86)/microchip/xc16/v1.26/bin/bin/../../support/PIC24E/gld \
  -Lc:/program files (x86)/microchip/xc16/v1.26/bin/bin/../../support/PIC24F/gld \
  -Lc:/program files (x86)/microchip/xc16/v1.26/bin/bin/../../support/PIC24H/gld \
  -Lc:/program files (x86)/microchip/xc16/v1.26/bin/bin/../../support/dsPIC30F/gld \
  -Lc:/program files (x86)/microchip/xc16/v1.26/bin/bin/../../support/dsPIC33E/gld \
  -Lc:/program files (x86)/microchip/xc16/v1.26/bin/bin/../../support/dsPIC33F/gld \
  build/default/production/main.o \
  build/default/production/eeprom.o \
  build/default/production/drv_uart1_16bit.o \
  build/default/production/modbus-RTU.o \
  C:\Program Files (x86)\Microchip\xc16\v1.26\lib\libdsp-elf.a \
  C:\Program Files (x86)\Microchip\xc16\v1.26\lib\libq-dsp-elf.a \
  C:\Program Files (x86)\Microchip\xc16\v1.26\lib\libq-dsp-coff.a \
  C:\Program Files (x86)\Microchip\xc16\v1.26\lib\libq-dsp-coff.a \
  --defsym=__MPLAB_BUILD=1 \
  -Tp30F4013.gld.00 \
  --stack=16 \
  --check-sections \
  --data-init \
  --pack-data \
  --handles \
  --isr \
  --no-gc-sections \
  --fill-upper=0 \
  --stackguard=16 \
  --no-force-link \
  --smart-io \
  -Map=dist/default/production/charger.X.production.map \
  --report-mem \
  --memorysummary \
  dist/default/production/memoryfile.xml \
  -start-group \
  --library=lega-pic30-elf \
  --library=m-elf \
  --library=lega-c-elf \
  -end-group \

Archive member included because of file (symbol)

C:\Program Files (x86)\Microchip\xc16\v1.26\lib\libdsp-elf.a(flt2frct.o)
                              build/default/production/main.o (_Float2Fract)
C:\Program Files (x86)\Microchip\xc16\v1.26\lib\libdsp-elf.a(frct2flt.o)
                              build/default/production/main.o (_Fract2Float)
C:\Program Files (x86)\Microchip\xc16\v1.26\lib\libdsp-elf.a(pid.obj)
                              build/default/production/main.o (_PID)

Optional library libp30F4013.a not found
c:/program files (x86)/microchip/xc16/v1.26/bin/bin/../../lib\liblega-pic30-elf.a(crt0_standard.o)
                              (__resetPRI)
c:/program files (x86)/microchip/xc16/v1.26/bin/bin/../../lib\liblega-pic30-elf.a(data_init_standard.o)
                              c:/program files (x86)/microchip/xc16/v1.26/bin/bin/../../lib\liblega-pic30-elf.a(crt0_standard.o) (__data_init_standard)
c:/program files (x86)/microchip/xc16/v1.26/bin/bin/../../lib\liblega-pic30-elf.a(eedata_helper.Leo)
                              build/default/production/eeprom.o (__eedata_helper1)
c:/program files (x86)/microchip/xc16/v1.26/bin/bin/../../lib\liblega-pic30-elf.a(memcpy_helper.Leo)
                              build/default/production/eeprom.o (__memcpy_helper)
c:/program files (x86)/microchip/xc16/v1.26/bin/bin/../../lib\liblega-pic30-elf.a(delay32.Leo)
                              build/default/production/main.o (___delay32)
c:/program files (x86)/microchip/xc16/v1.26/bin/bin/../../lib\libm-elf.a(addsf3.eo)
                              build/default/production/main.o (___subsf3)
c:/program files (x86)/microchip/xc16/v1.26/bin/bin/../../lib\libm-elf.a(ceilf.eo)
                              C:\Program Files (x86)\Microchip\xc16\v1.26\lib\libdsp-elf.a(flt2frct.o) (_ceilf)
c:/program files (x86)/microchip/xc16/v1.26/bin/bin/../../lib\libm-elf.a(divsf3.eo)
                              build/default/production/main.o (___divsf3)
c:/program files (x86)/microchip/xc16/v1.26/bin/bin/../../lib\libm-elf.a(fchop.eo)
                              c:/program files (x86)/microchip/xc16/v1.26/bin/bin/../../lib\libm-elf.a(ceilf.eo) (__fchop)
c:/program files (x86)/microchip/xc16/v1.26/bin/bin/../../lib\libm-elf.a(feqltle.eo)
                              C:\Program Files (x86)\Microchip\xc16\v1.26\lib\libdsp-elf.a(flt2frct.o) (___eqsf2)
c:/program files (x86)/microchip/xc16/v1.26/bin/bin/../../lib\libm-elf.a(fgtge.eo)
                              build/default/production/main.o (___gtsf2)
c:/program files (x86)/microchip/xc16/v1.26/bin/bin/../../lib\libm-elf.a(fixsfsi.eo)
                              build/default/production/main.o (_(float, int, long long, short, float, short, int))
c:/program files (x86)/microchip/xc16/v1.26/bin/bin/../../lib\libm-elf.a(fixunssfsi.eo)
                              build/default/production/main.o (___fixunssfsi)
c:/program files (x86)/microchip/xc16/v1.26/bin/bin/../../lib\libm-elf.a(floatsisf.eo)
                              build/default/production/main.o (___floatsisf)
c:/program files (x86)/microchip/xc16/v1.26/bin/bin/../../lib\libm-elf.a(floatunsisf.eo)
                              build/default/production/main.o (___floatunsisf)
[...]
Memory Configuration

Name             Origin             Length             Attributes
data             0x000800           0x000800           a !xr
reset            0x000000           0x000004  
ivt              0x000004           0x00007c  
_reserved        0x000080           0x000004  
aivt             0x000084           0x00007c  
program          0x000100           0x007f00           xr
eedata           0x7ffc00           0x000400  
FUID0            0x8005c0           0x000002  
FUID1            0x8005c2           0x000002  
FUID2            0x8005c4           0x000002  
FUID3            0x8005c6           0x000002  
FOSC             0xf80000           0x000002  
FWDT             0xf80002           0x000002  
FBORPOR          0xf80004           0x000002  
RESERVED1        0xf80006           0x000002  
RESERVED2        0xf80008           0x000002  
FGS              0xf8000a           0x000002  
FICD             0xf8000c           0x000002  
*default*        0x000000           0xffffffff  

Linker script and memory map

LOAD build/default/production/main.o
LOAD build/default/production/eeprom.o
LOAD build/default/production/drv_uart1_16bit.o
LOAD build/default/production/modbus-RTU.o
LOAD C:\Program Files (x86)\Microchip\xc16\v1.26\lib\libdsp-elf.a
LOAD C:\Program Files (x86)\Microchip\xc16\v1.26\lib\libq-dsp-elf.a
LOAD C:\Program Files (x86)\Microchip\xc16\v1.26\lib\libq-dsp-coff.a
LOAD C:\Program Files (x86)\Microchip\xc16\v1.26\lib\libq-dsp-coff.a
                    0x0001                  __MPLAB_BUILD = 0x1
LOAD p30F4013
LOAD c:/program files (x86)/microchip/xc16/v1.26/bin/bin/../../lib\libfx-elf.a
                    0x8005c0                  __FUID0 = 0x8005c0
                    0x8005c2                  __FUID1 = 0x8005c2
                    0x8005c4                  __FUID2 = 0x8005c4
                    0x8005c6                  __FUID3 = 0x8005c6
                    0xf80000                  __FOSC = 0xf80000
                    0xf80002                  __FWDT = 0xf80002
                    0xf80004                  __FBORPOR = 0xf80004
                    0xf80006                  __RESERVED1 = 0xf80006
                    0xf80008                  __RESERVED2 = 0xf80008
                    0xf8000a                  __FGS = 0xf8000a
                    0xf8000c                  __FICD = 0xf8000c
                    0x0001                  __NO_HANDLES = 0x1
                    0x0100                  __CODE_BASE = 0x100
                    0x7f00                  __CODE_LENGTH = 0x7f00
                    0x0004                  __IVT_BASE = 0x4
                    0x0084                  __AIVT_BASE = 0x84
                    0x0800                  __DATA_BASE = 0x800
                    0x0800                  __DATA_LENGTH = 0x800
                    0x0c00                  __YDATA_BASE = 0xc00

.reset            0x000000          0x4
                  0x000000          0x2 SHORT 0x100 ABSOLUTE (__reset)
                  0x000001          0x2 SHORT 0x4
                  0x000002          0x2 SHORT 0x0 ((ABSOLUTE (__reset) >> 0x10) & 0x7f)
                  0x000003          0x2 SHORT 0x0

.text             0x000100       0x5530
 *(.init)
 .init            0x000100         0x3c c:/program files (x86)/microchip/xc16/v1.26/bin/bin/../../lib\liblega-pic30-elf.a(crt0_standard.o)
                  0x000100                  __resetPRI
                  0x000100                  __reset
                  0x00012c                  __psv_init
 .init            0x00013c         0x6c c:/program files (x86)/microchip/xc16/v1.26/bin/bin/../../lib\liblega-pic30-elf.a(data_init_standard.o)
                  0x00013c                  __data_init_standard
                  0x00013c                  __data_init
 *(.user_init)
 *(.handle)
 *(.isr*)
 .isr.text        0x0001a8       0x4db6 build/default/production/main.o
                  0x0001a8                  __T1Interrupt
                  0x0001dc                  __INT0Interrupt
                  0x000240                  __INT1Interrupt
                  0x0002a0                  __INT2Interrupt
                  0x000300                  __T2Interrupt
                  0x000306                  __T3Interrupt
                  0x00030c                  __T4Interrupt
                  0x000312                  _main
                  0x0014a8                  _PIC_Init
                  0x0015aa                  _Show_Screen_Saver
                  0x0018a2                  _Update_7Segment_Display
                  0x00258a                  _Set_Segment
                  0x0026f4                  _Perform_Command
                  0x00307c                  _Run_Function
                  0x003536                  _Restore
                  0x0038d6                  _External_Interrupt
                  0x003922                  _CMP_Arrays
                  0x003ab4                  _Event_Flag_Update
                  0x003e2a                  _PID_Initialize
                  0x004098                  _Factory_Reset
                  0x0043be                  _Save_Factory_Reset
                  0x0047ec                  _Set_Limits_Value
                  0x004a0c                  _Check_Phase_Sequence
                  0x004b5e                  _modbusGet
                  0x004f4a                  _SetOuts
                  0x004f52                  _ReadIns
 .isr             0x004f5e          0x4 default_isr
                  0x004f5e                  __DefaultInterrupt
 *(.libc)
 *(.libm)
 *(.libdsp)
 .libdsp          0x004f62        0x1a4 C:\Program Files (x86)\Microchip\xc16\v1.26\lib\libdsp-elf.a(flt2frct.o)
                  0x004f62                  _Float2Fract
 .libdsp          0x005106         0x14 C:\Program Files (x86)\Microchip\xc16\v1.26\lib\libdsp-elf.a(frct2flt.o)
                  0x005106                  _Fract2Float
 .libdsp          0x00511a         0x72 C:\Program Files (x86)\Microchip\xc16\v1.26\lib\libdsp-elf.a(pid.obj)
                  0x00511a                  _PID
                  0x005152                  _PIDInit
                  0x005168                  _PIDCoeffCalc
 *(.lib*)
 .libc.eedata_helper1234
                  0x00518c         0x50 c:/program files (x86)/microchip/xc16/v1.26/bin/bin/../../lib\liblega-pic30-elf.a(eedata_helper.Leo)
                  0x00518c                  __eedata_helper1
                  0x0051b6                  __eedata_helper2
                  0x0051be                  __eedata_helper3
                  0x0051ca                  __eedata_helper4
 .libc.memcpy_helper
                  0x0051dc         0x36 c:/program files (x86)/microchip/xc16/v1.26/bin/bin/../../lib\liblega-pic30-elf.a(memcpy_helper.Leo)
                  0x0051dc                  __memcpy_helper
 .libm.subsf3     0x005212         0xbc c:/program files (x86)/microchip/xc16/v1.26/bin/bin/../../lib\libm-elf.a(addsf3.eo)
                  0x005212                  ___subsf3
                  0x005214                  ___addsf3
 .libm.ceilf      0x0052ce         0x10 c:/program files (x86)/microchip/xc16/v1.26/bin/bin/../../lib\libm-elf.a(ceilf.eo)
                  0x0052ce                  _ceilf
 .libm.divfs3     0x0052de         0x84 c:/program files (x86)/microchip/xc16/v1.26/bin/bin/../../lib\libm-elf.a(divsf3.eo)
                  0x0052de                  ___divsf3
 .libm.fchop      0x005362         0x4e c:/program files (x86)/microchip/xc16/v1.26/bin/bin/../../lib\libm-elf.a(fchop.eo)
                  0x005362                  __fchop
 .libm.eqsf2      0x0053b0          0x4 c:/program files (x86)/microchip/xc16/v1.26/bin/bin/../../lib\libm-elf.a(feqltle.eo)
                  0x0053b0                  ___eqsf2
                  0x0053b0                  ___ltsf2
                  0x0053b0                  ___lesf2
 .libm.gtsf2      0x0053b4          0x4 c:/program files (x86)/microchip/xc16/v1.26/bin/bin/../../lib\libm-elf.a(fgtge.eo)
                  0x0053b4                  ___gesf2
                  0x0053b4                  ___gtsf2
 .libm.fixsfsi    0x0053b8         0x42 c:/program files (x86)/microchip/xc16/v1.26/bin/bin/../../lib\libm-elf.a(fixsfsi.eo)
                  0x0053b8                  _(float, int, long long, short, float, short, int)
 .libm.fixunssfsi
                  0x0053fa         0x36 c:/program files (x86)/microchip/xc16/v1.26/bin/bin/../../lib\libm-elf.a(fixunssfsi.eo)
                  0x0053fa                  ___fixunssfsi
 .libm.floatsisf
                  0x005430          0x6 c:/program files (x86)/microchip/xc16/v1.26/bin/bin/../../lib\libm-elf.a(floatsisf.eo)
                  0x005430                  ___floatsisf
 .libm.floatunsisf
                  0x005436          0x4 c:/program files (x86)/microchip/xc16/v1.26/bin/bin/../../lib\libm-elf.a(floatunsisf.eo)
                  0x005436                  ___floatunsisf
 .libm.floorf     0x00543a         0x10 c:/program files (x86)/microchip/xc16/v1.26/bin/bin/../../lib\libm-elf.a(floorf.eo)
                  0x00543a                  _floorf
 .libm.nesf2      0x00544a          0x4 c:/program files (x86)/microchip/xc16/v1.26/bin/bin/../../lib\libm-elf.a(fne.eo)
                  0x00544a                  ___nesf2
 .libm.fpack      0x00544e         0x4c c:/program files (x86)/microchip/xc16/v1.26/bin/bin/../../lib\libm-elf.a(fpack.eo)
                  0x00544e                  __fpack
 .libm.funpack    0x00549a         0x2a c:/program files (x86)/microchip/xc16/v1.26/bin/bin/../../lib\libm-elf.a(funpack.eo)
                  0x00549a                  __funpack
 .libm.funpack2
                  0x0054c4         0x10 c:/program files (x86)/microchip/xc16/v1.26/bin/bin/../../lib\libm-elf.a(funpack2.eo)
                  0x0054c4                  __funpack2
 .libm.fPropagateNaN
                  0x0054d4         0x12 c:/program files (x86)/microchip/xc16/v1.26/bin/bin/../../lib\libm-elf.a(futil.eo)
                  0x0054d4                  __fPropagateNaN
 .libm.fbobExit
                  0x0054e6          0x8 c:/program files (x86)/microchip/xc16/v1.26/bin/bin/../../lib\libm-elf.a(futil.eo)
                  0x0054e6                  __fbopExit
 .libm.fbopReturnNaN
                  0x0054ee          0x6 c:/program files (x86)/microchip/xc16/v1.26/bin/bin/../../lib\libm-elf.a(futil.eo)
                  0x0054ee                  __fbopReturnNaN
 .libm.mulsf3     0x0054f4         0x68 c:/program files (x86)/microchip/xc16/v1.26/bin/bin/../../lib\libm-elf.a(mulsf3.eo)
                  0x0054f4                  ___mulsf3
 .libm.udivsi3    0x00555c         0x20 c:/program files (x86)/microchip/xc16/v1.26/bin/bin/../../lib\libm-elf.a(udivsi3.eo)
                  0x00555c                  ___udivsi3
 .libm.fcompare
                  0x00557c         0x36 c:/program files (x86)/microchip/xc16/v1.26/bin/bin/../../lib\libm-elf.a(fcompare.eo)
                  0x00557c                  __fcompare
 .libm.floatdisf
                  0x0055b2         0x20 c:/program files (x86)/microchip/xc16/v1.26/bin/bin/../../lib\libm-elf.a(floatdisf.eo)
                  0x0055b2                  ___floatdisf
 .libm.floatundisf
                  0x0055d2         0x5e c:/program files (x86)/microchip/xc16/v1.26/bin/bin/../../lib\libm-elf.a(floatundisf.eo)
                  0x0055d2                  ___floatundisf

usercode
 *(usercode)

__FUID0
 *(__FUID0.sec*)

__FUID1
 *(__FUID1.sec*)

__FUID2
 *(__FUID2.sec*)

__FUID3
 *(__FUID3.sec*)

__FOSC
 *(__FOSC.sec*)

__FWDT
 *(__FWDT.sec*)

__FBORPOR
 *(__FBORPOR.sec*)

__RESERVED1
 *(__RESERVED1.sec*)

__RESERVED2
 *(__RESERVED2.sec*)

__FGS             0xf8000a          0x2
 *(__FGS.sec*)
 __FGS.sec        0xf8000a          0x2 FGS
                  0xf8000a                  __FGS.sec

__FICD
 *(__FICD.sec*)

user_eedata
 *(user_eedata)

userdata
 *(userdata)

.comment
 *(.comment)

.debug_info       0x000000       0x6ff6
 *(.debug_info)
 .debug_info      0x000000       0x4158 build/default/production/main.o
 .debug_info      0x004158       0x1488 build/default/production/eeprom.o
 .debug_info      0x0055e0        0x144 build/default/production/drv_uart1_16bit.o
 .debug_info      0x005724       0x15c1 build/default/production/modbus-RTU.o
 .debug_info      0x006ce5        0x18f C:\Program Files (x86)\Microchip\xc16\v1.26\lib\libdsp-elf.a(flt2frct.o)
 .debug_info      0x006e74        0x182 C:\Program Files (x86)\Microchip\xc16\v1.26\lib\libdsp-elf.a(frct2flt.o)
 *(.gnu.linkonce.wi.*)

.debug_abbrev     0x000000        0x6ae
 *(.debug_abbrev)
 .debug_abbrev    0x000000        0x1bb build/default/production/main.o
 .debug_abbrev    0x0001bb        0x1ce build/default/production/eeprom.o
 .debug_abbrev    0x000389         0x1f build/default/production/drv_uart1_16bit.o
 .debug_abbrev    0x0003a8        0x244 build/default/production/modbus-RTU.o
 .debug_abbrev    0x0005ec         0x61 C:\Program Files (x86)\Microchip\xc16\v1.26\lib\libdsp-elf.a(flt2frct.o)
 .debug_abbrev    0x00064d         0x61 C:\Program Files (x86)\Microchip\xc16\v1.26\lib\libdsp-elf.a(frct2flt.o)

.debug_line       0x000000       0x13be
 *(.debug_line)
 .debug_line      0x000000        0xdb6 build/default/production/main.o
 .debug_line      0x000db6        0x1f3 build/default/production/eeprom.o
 .debug_line      0x000fa9         0x1a build/default/production/drv_uart1_16bit.o
 .debug_line      0x000fc3        0x263 build/default/production/modbus-RTU.o
 .debug_line      0x001226        0x12f C:\Program Files (x86)\Microchip\xc16\v1.26\lib\libdsp-elf.a(flt2frct.o)
 .debug_line      0x001355         0x69 C:\Program Files (x86)\Microchip\xc16\v1.26\lib\libdsp-elf.a(frct2flt.o)

.debug_frame      0x000000        0xeb8
 *(.debug_frame)
 .debug_frame     0x000000        0x37a build/default/production/main.o
 .debug_frame     0x00037a        0x714 build/default/production/eeprom.o
 .debug_frame     0x000a8e        0x3e2 build/default/production/modbus-RTU.o
 .debug_frame     0x000e70         0x24 C:\Program Files (x86)\Microchip\xc16\v1.26\lib\libdsp-elf.a(flt2frct.o)
 .debug_frame     0x000e94         0x24 C:\Program Files (x86)\Microchip\xc16\v1.26\lib\libdsp-elf.a(frct2flt.o)

.debug_str        0x000000        0xc4d
 *(.debug_str)
 .debug_str       0x000000        0x982 build/default/production/main.o
 .debug_str       0x000982        0x20e build/default/production/eeprom.o
 .debug_str       0x000b90         0xbd build/default/production/modbus-RTU.o

.debug_loc
 *(.debug_loc)

.debug_macinfo
 *(.debug_macinfo)

.debug_pubnames
                  0x000000       0x1acf
 *(.debug_pubnames)
 .debug_pubnames
                  0x000000        0xdf3 build/default/production/main.o
 .debug_pubnames
                  0x000df3        0x930 build/default/production/eeprom.o
 .debug_pubnames
                  0x001723        0x368 build/default/production/modbus-RTU.o
 .debug_pubnames
                  0x001a8b         0x22 C:\Program Files (x86)\Microchip\xc16\v1.26\lib\libdsp-elf.a(flt2frct.o)
 .debug_pubnames
                  0x001aad         0x22 C:\Program Files (x86)\Microchip\xc16\v1.26\lib\libdsp-elf.a(frct2flt.o)

.debug_ranges
 *(.debug_ranges)

.debug_aranges    0x000000         0x78
 *(.debug_aranges)
 .debug_aranges
                  0x000000         0x18 build/default/production/main.o
 .debug_aranges
                  0x000018         0x18 build/default/production/eeprom.o
 .debug_aranges
                  0x000030         0x18 build/default/production/modbus-RTU.o
 .debug_aranges
                  0x000048         0x18 C:\Program Files (x86)\Microchip\xc16\v1.26\lib\libdsp-elf.a(flt2frct.o)
 .debug_aranges
                  0x000060         0x18 C:\Program Files (x86)\Microchip\xc16\v1.26\lib\libdsp-elf.a(frct2flt.o)
                    0x0000                  WREG0 = 0x0
                    0x0000                  _WREG0 = 0x0
                    0x0002                  WREG1 = 0x2
                    0x0002                  _WREG1 = 0x2
                    0x0004                  WREG2 = 0x4
                    0x0004                  _WREG2 = 0x4
                    0x0006                  WREG3 = 0x6
                    0x0006                  _WREG3 = 0x6
                    0x0008                  WREG4 = 0x8
                    0x0008                  _WREG4 = 0x8
                    0x000a                  WREG5 = 0xa
                    0x000a                  _WREG5 = 0xa
                    0x000c                  WREG6 = 0xc
                    0x000c                  _WREG6 = 0xc
                    0x000e                  WREG7 = 0xe
                    0x000e                  _WREG7 = 0xe
                    0x0010                  WREG8 = 0x10
                    0x0010                  _WREG8 = 0x10
                    0x0012                  WREG9 = 0x12
                    0x0012                  _WREG9 = 0x12
                    0x0014                  WREG10 = 0x14
                    0x0014                  _WREG10 = 0x14
                    0x0016                  WREG11 = 0x16
                    0x0016                  _WREG11 = 0x16
                    0x0018                  WREG12 = 0x18
                    0x0018                  _WREG12 = 0x18
                    0x001a                  WREG13 = 0x1a
                    0x001a                  _WREG13 = 0x1a
                    0x001c                  WREG14 = 0x1c
                    0x001c                  _WREG14 = 0x1c
                    0x001e                  WREG15 = 0x1e
                    0x001e                  _WREG15 = 0x1e
                    0x0020                  SPLIM = 0x20
                    0x0020                  _SPLIM = 0x20
                    0x0022                  ACCAL = 0x22
                    0x0022                  _ACCAL = 0x22
                    0x0024                  ACCAH = 0x24
                    0x0024                  _ACCAH = 0x24
                    0x0026                  ACCAU = 0x26
                    0x0026                  _ACCAU = 0x26
                    0x0028                  ACCBL = 0x28
                    0x0028                  _ACCBL = 0x28
                    0x002a                  ACCBH = 0x2a
                    0x002a                  _ACCBH = 0x2a
                    0x002c                  ACCBU = 0x2c
                    0x002c                  _ACCBU = 0x2c
                    0x002e                  PCL = 0x2e
                    0x002e                  _PCL = 0x2e
                    0x0030                  PCH = 0x30
                    0x0030                  _PCH = 0x30
                    0x0032                  TBLPAG = 0x32
                    0x0032                  _TBLPAG = 0x32
                    0x0034                  PSVPAG = 0x34
                    0x0034                  _PSVPAG = 0x34
                    0x0036                  RCOUNT = 0x36
                    0x0036                  _RCOUNT = 0x36
                    0x0038                  DCOUNT = 0x38
                    0x0038                  _DCOUNT = 0x38
                    0x003a                  DOSTARTL = 0x3a
                    0x003a                  _DOSTARTL = 0x3a
                    0x003c                  DOSTARTH = 0x3c
                    0x003c                  _DOSTARTH = 0x3c
                    0x003e                  DOENDL = 0x3e
                    0x003e                  _DOENDL = 0x3e
                    0x0040                  DOENDH = 0x40
                    0x0040                  _DOENDH = 0x40
                    0x0042                  SR = 0x42
                    0x0042                  _SR = 0x42
                    0x0042                  _SRbits = 0x42
                    0x0044                  CORCON = 0x44
                    0x0044                  _CORCON = 0x44
                    0x0044                  _CORCONbits = 0x44
                    0x0046                  MODCON = 0x46
                    0x0046                  _MODCON = 0x46
                    0x0046                  _MODCONbits = 0x46
                    0x0048                  XMODSRT = 0x48
                    0x0048                  _XMODSRT = 0x48
                    0x004a                  XMODEND = 0x4a
                    0x004a                  _XMODEND = 0x4a
                    0x004c                  YMODSRT = 0x4c
                    0x004c                  _YMODSRT = 0x4c
                    0x004e                  YMODEND = 0x4e
                    0x004e                  _YMODEND = 0x4e
                    0x0050                  XBREV = 0x50
                    0x0050                  _XBREV = 0x50
                    0x0050                  _XBREVbits = 0x50
                    0x0052                  DISICNT = 0x52
                    0x0052                  _DISICNT = 0x52
                    0x0052                  _DISICNTbits = 0x52
                    0x0080                  INTCON1 = 0x80
                    0x0080                  _INTCON1 = 0x80
                    0x0080                  _INTCON1bits = 0x80
                    0x0082                  INTCON2 = 0x82
                    0x0082                  _INTCON2 = 0x82
                    0x0082                  _INTCON2bits = 0x82
                    0x0084                  IFS0 = 0x84
                    0x0084                  _IFS0 = 0x84
                    0x0084                  _IFS0bits = 0x84
                    0x0086                  IFS1 = 0x86
                    0x0086                  _IFS1 = 0x86
                    0x0086                  _IFS1bits = 0x86
                    0x0088                  IFS2 = 0x88
                    0x0088                  _IFS2 = 0x88
                    0x0088                  _IFS2bits = 0x88
                    0x008c                  IEC0 = 0x8c
                    0x008c                  _IEC0 = 0x8c
                    0x008c                  _IEC0bits = 0x8c
                    0x008e                  IEC1 = 0x8e
                    0x008e                  _IEC1 = 0x8e
                    0x008e                  _IEC1bits = 0x8e
                    0x0090                  IEC2 = 0x90
                    0x0090                  _IEC2 = 0x90
                    0x0090                  _IEC2bits = 0x90
                    0x0094                  IPC0 = 0x94
                    0x0094                  _IPC0 = 0x94
                    0x0094                  _IPC0bits = 0x94
                    0x0096                  IPC1 = 0x96
                    0x0096                  _IPC1 = 0x96
                    0x0096                  _IPC1bits = 0x96
                    0x0098                  IPC2 = 0x98
                    0x0098                  _IPC2 = 0x98
                    0x0098                  _IPC2bits = 0x98
                    0x009a                  IPC3 = 0x9a
                    0x009a                  _IPC3 = 0x9a
                    0x009a                  _IPC3bits = 0x9a
                    0x009c                  IPC4 = 0x9c
                    0x009c                  _IPC4 = 0x9c
                    0x009c                  _IPC4bits = 0x9c
                    0x009e                  IPC5 = 0x9e
                    0x009e                  _IPC5 = 0x9e
                    0x009e                  _IPC5bits = 0x9e
                    0x00a0                  IPC6 = 0xa0
                    0x00a0                  _IPC6 = 0xa0
                    0x00a0                  _IPC6bits = 0xa0
                    0x00a8                  IPC10 = 0xa8
                    0x00a8                  _IPC10 = 0xa8
                    0x00a8                  _IPC10bits = 0xa8
                    0x00b0                  INTTREG = 0xb0
                    0x00b0                  _INTTREG = 0xb0
                    0x00b0                  _INTTREGbits = 0xb0
                    0x00c0                  CNEN1 = 0xc0
                    0x00c0                  _CNEN1 = 0xc0
                    0x00c0                  _CNEN1bits = 0xc0
                    0x00c2                  CNEN2 = 0xc2
                    0x00c2                  _CNEN2 = 0xc2
                    0x00c2                  _CNEN2bits = 0xc2
                    0x00c4                  CNPU1 = 0xc4
                    0x00c4                  _CNPU1 = 0xc4
                    0x00c4                  _CNPU1bits = 0xc4
                    0x00c6                  CNPU2 = 0xc6
                    0x00c6                  _CNPU2 = 0xc6
                    0x00c6                  _CNPU2bits = 0xc6
                    0x0100                  TMR1 = 0x100
                    0x0100                  _TMR1 = 0x100
                    0x0102                  PR1 = 0x102
                    0x0102                  _PR1 = 0x102
                    0x0104                  T1CON = 0x104
                    0x0104                  _T1CON = 0x104
                    0x0104                  _T1CONbits = 0x104
                    0x0106                  TMR2 = 0x106
                    0x0106                  _TMR2 = 0x106
                    0x0108                  TMR3HLD = 0x108
                    0x0108                  _TMR3HLD = 0x108
                    0x010a                  TMR3 = 0x10a
                    0x010a                  _TMR3 = 0x10a
                    0x010c                  PR2 = 0x10c
                    0x010c                  _PR2 = 0x10c
                    0x010e                  PR3 = 0x10e
                    0x010e                  _PR3 = 0x10e
                    0x0110                  T2CON = 0x110
                    0x0110                  _T2CON = 0x110
                    0x0110                  _T2CONbits = 0x110
                    0x0112                  T3CON = 0x112
                    0x0112                  _T3CON = 0x112
                    0x0112                  _T3CONbits = 0x112
                    0x0114                  TMR4 = 0x114
                    0x0114                  _TMR4 = 0x114
                    0x0116                  TMR5HLD = 0x116
                    0x0116                  _TMR5HLD = 0x116
                    0x0118                  TMR5 = 0x118
                    0x0118                  _TMR5 = 0x118
                    0x011a                  PR4 = 0x11a
                    0x011a                  _PR4 = 0x11a
                    0x011c                  PR5 = 0x11c
                    0x011c                  _PR5 = 0x11c
                    0x011e                  T4CON = 0x11e
                    0x011e                  _T4CON = 0x11e
                    0x011e                  _T4CONbits = 0x11e
                    0x0120                  T5CON = 0x120
                    0x0120                  _T5CON = 0x120
                    0x0120                  _T5CONbits = 0x120
                    0x0140                  IC1BUF = 0x140
                    0x0140                  _IC1BUF = 0x140
                    0x0142                  IC1CON = 0x142
                    0x0142                  _IC1CON = 0x142
                    0x0142                  _IC1CONbits = 0x142
                    0x0144                  IC2BUF = 0x144
                    0x0144                  _IC2BUF = 0x144
                    0x0146                  IC2CON = 0x146
                    0x0146                  _IC2CON = 0x146
                    0x0146                  _IC2CONbits = 0x146
                    0x0158                  IC7BUF = 0x158
                    0x0158                  _IC7BUF = 0x158
                    0x015a                  IC7CON = 0x15a
                    0x015a                  _IC7CON = 0x15a
                    0x015a                  _IC7CONbits = 0x15a
                    0x015c                  IC8BUF = 0x15c
                    0x015c                  _IC8BUF = 0x15c
                    0x015e                  IC8CON = 0x15e
                    0x015e                  _IC8CON = 0x15e
                    0x015e                  _IC8CONbits = 0x15e
                    0x0180                  OC1RS = 0x180
                    0x0180                  _OC1RS = 0x180
                    0x0182                  OC1R = 0x182
                    0x0182                  _OC1R = 0x182
                    0x0184                  OC1CON = 0x184
                    0x0184                  _OC1CON = 0x184
                    0x0184                  _OC1CONbits = 0x184
                    0x0186                  OC2RS = 0x186
                    0x0186                  _OC2RS = 0x186
                    0x0188                  OC2R = 0x188
                    0x0188                  _OC2R = 0x188
                    0x018a                  OC2CON = 0x18a
                    0x018a                  _OC2CON = 0x18a
                    0x018a                  _OC2CONbits = 0x18a
                    0x018c                  OC3RS = 0x18c
                    0x018c                  _OC3RS = 0x18c
                    0x018e                  OC3R = 0x18e
                    0x018e                  _OC3R = 0x18e
                    0x0190                  OC3CON = 0x190
                    0x0190                  _OC3CON = 0x190
                    0x0190                  _OC3CONbits = 0x190
                    0x0192                  OC4RS = 0x192
                    0x0192                  _OC4RS = 0x192
                    0x0194                  OC4R = 0x194
                    0x0194                  _OC4R = 0x194
                    0x0196                  OC4CON = 0x196
                    0x0196                  _OC4CON = 0x196
                    0x0196                  _OC4CONbits = 0x196
                    0x0200                  I2CRCV = 0x200
                    0x0200                  _I2CRCV = 0x200
                    0x0200                  _I2CRCVbits = 0x200
                    0x0202                  I2CTRN = 0x202
                    0x0202                  _I2CTRN = 0x202
                    0x0202                  _I2CTRNbits = 0x202
                    0x0204                  I2CBRG = 0x204
                    0x0204                  _I2CBRG = 0x204
                    0x0204                  _I2CBRGbits = 0x204
                    0x0206                  I2CCON = 0x206
                    0x0206                  _I2CCON = 0x206
                    0x0206                  _I2CCONbits = 0x206
                    0x0208                  I2CSTAT = 0x208
                    0x0208                  _I2CSTAT = 0x208
                    0x0208                  _I2CSTATbits = 0x208
                    0x020a                  I2CADD = 0x20a
                    0x020a                  _I2CADD = 0x20a
                    0x020a                  _I2CADDbits = 0x20a
                    0x020c                  U1MODE = 0x20c
                    0x020c                  _U1MODE = 0x20c
                    0x020c                  _U1MODEbits = 0x20c
                    0x020e                  U1STA = 0x20e
                    0x020e                  _U1STA = 0x20e
                    0x020e                  _U1STAbits = 0x20e
                    0x0210                  U1TXREG = 0x210
                    0x0210                  _U1TXREG = 0x210
                    0x0210                  _U1TXREGbits = 0x210
                    0x0212                  U1RXREG = 0x212
                    0x0212                  _U1RXREG = 0x212
                    0x0212                  _U1RXREGbits = 0x212
                    0x0214                  U1BRG = 0x214
                    0x0214                  _U1BRG = 0x214
                    0x0216                  U2MODE = 0x216
                    0x0216                  _U2MODE = 0x216
                    0x0216                  _U2MODEbits = 0x216
                    0x0218                  U2STA = 0x218
                    0x0218                  _U2STA = 0x218
                    0x0218                  _U2STAbits = 0x218
                    0x021a                  U2TXREG = 0x21a
                    0x021a                  _U2TXREG = 0x21a
                    0x021a                  _U2TXREGbits = 0x21a
                    0x021c                  U2RXREG = 0x21c
                    0x021c                  _U2RXREG = 0x21c
                    0x021c                  _U2RXREGbits = 0x21c
                    0x021e                  U2BRG = 0x21e
                    0x021e                  _U2BRG = 0x21e
                    0x0220                  SPI1STAT = 0x220
                    0x0220                  _SPI1STAT = 0x220
                    0x0220                  _SPI1STATbits = 0x220
                    0x0222                  SPI1CON = 0x222
                    0x0222                  _SPI1CON = 0x222
                    0x0222                  _SPI1CONbits = 0x222
                    0x0224                  SPI1BUF = 0x224
                    0x0224                  _SPI1BUF = 0x224
                    0x0240                  DCICON1 = 0x240
                    0x0240                  _DCICON1 = 0x240
                    0x0240                  _DCICON1bits = 0x240
                    0x0242                  DCICON2 = 0x242
                    0x0242                  _DCICON2 = 0x242
                    0x0242                  _DCICON2bits = 0x242
                    0x0244                  DCICON3 = 0x244
                    0x0244                  _DCICON3 = 0x244
                    0x0244                  _DCICON3bits = 0x244
                    0x0246                  DCISTAT = 0x246
                    0x0246                  _DCISTAT = 0x246
                    0x0246                  _DCISTATbits = 0x246
                    0x0248                  TSCON = 0x248
                    0x0248                  _TSCON = 0x248
                    0x0248                  _TSCONbits = 0x248
                    0x024c                  RSCON = 0x24c
                    0x024c                  _RSCON = 0x24c
                    0x024c                  _RSCONbits = 0x24c
                    0x0250                  RXBUF0 = 0x250
                    0x0250                  _RXBUF0 = 0x250
                    0x0252                  RXBUF1 = 0x252
                    0x0252                  _RXBUF1 = 0x252
                    0x0254                  RXBUF2 = 0x254
                    0x0254                  _RXBUF2 = 0x254
                    0x0256                  RXBUF3 = 0x256
                    0x0256                  _RXBUF3 = 0x256
                    0x0258                  TXBUF0 = 0x258
                    0x0258                  _TXBUF0 = 0x258
                    0x025a                  TXBUF1 = 0x25a
                    0x025a                  _TXBUF1 = 0x25a
                    0x025c                  TXBUF2 = 0x25c
                    0x025c                  _TXBUF2 = 0x25c
                    0x025e                  TXBUF3 = 0x25e
                    0x025e                  _TXBUF3 = 0x25e
                    0x0280                  ADCBUF0 = 0x280
                    0x0280                  _ADCBUF0 = 0x280
                    0x0282                  ADCBUF1 = 0x282
                    0x0282                  _ADCBUF1 = 0x282
                    0x0284                  ADCBUF2 = 0x284
                    0x0284                  _ADCBUF2 = 0x284
                    0x0286                  ADCBUF3 = 0x286
                    0x0286                  _ADCBUF3 = 0x286
                    0x0288                  ADCBUF4 = 0x288
                    0x0288                  _ADCBUF4 = 0x288
                    0x028a                  ADCBUF5 = 0x28a
                    0x028a                  _ADCBUF5 = 0x28a
                    0x028c                  ADCBUF6 = 0x28c
                    0x028c                  _ADCBUF6 = 0x28c
                    0x028e                  ADCBUF7 = 0x28e
                    0x028e                  _ADCBUF7 = 0x28e
                    0x0290                  ADCBUF8 = 0x290
                    0x0290                  _ADCBUF8 = 0x290
                    0x0292                  ADCBUF9 = 0x292
                    0x0292                  _ADCBUF9 = 0x292
                    0x0294                  ADCBUFA = 0x294
                    0x0294                  _ADCBUFA = 0x294
                    0x0296                  ADCBUFB = 0x296
                    0x0296                  _ADCBUFB = 0x296
                    0x0298                  ADCBUFC = 0x298
                    0x0298                  _ADCBUFC = 0x298
                    0x029a                  ADCBUFD = 0x29a
                    0x029a                  _ADCBUFD = 0x29a
                    0x029c                  ADCBUFE = 0x29c
                    0x029c                  _ADCBUFE = 0x29c
                    0x029e                  ADCBUFF = 0x29e
                    0x029e                  _ADCBUFF = 0x29e
                    0x02a0                  ADCON1 = 0x2a0
                    0x02a0                  _ADCON1 = 0x2a0
                    0x02a0                  _ADCON1bits = 0x2a0
                    0x02a2                  ADCON2 = 0x2a2
                    0x02a2                  _ADCON2 = 0x2a2
                    0x02a2                  _ADCON2bits = 0x2a2
                    0x02a4                  ADCON3 = 0x2a4
                    0x02a4                  _ADCON3 = 0x2a4
                    0x02a4                  _ADCON3bits = 0x2a4
                    0x02a6                  ADCHS = 0x2a6
                    0x02a6                  _ADCHS = 0x2a6
                    0x02a6                  _ADCHSbits = 0x2a6
                    0x02a8                  ADPCFG = 0x2a8
                    0x02a8                  _ADPCFG = 0x2a8
                    0x02a8                  _ADPCFGbits = 0x2a8
                    0x02aa                  ADCSSL = 0x2aa
                    0x02aa                  _ADCSSL = 0x2aa
                    0x02aa                  _ADCSSLbits = 0x2aa
                    0x02c0                  TRISA = 0x2c0
                    0x02c0                  _TRISA = 0x2c0
                    0x02c0                  _TRISAbits = 0x2c0
                    0x02c2                  PORTA = 0x2c2
                    0x02c2                  _PORTA = 0x2c2
                    0x02c2                  _PORTAbits = 0x2c2
                    0x02c4                  LATA = 0x2c4
                    0x02c4                  _LATA = 0x2c4
                    0x02c4                  _LATAbits = 0x2c4
                    0x02c6                  TRISB = 0x2c6
                    0x02c6                  _TRISB = 0x2c6
                    0x02c6                  _TRISBbits = 0x2c6
                    0x02c8                  PORTB = 0x2c8
                    0x02c8                  _PORTB = 0x2c8
                    0x02c8                  _PORTBbits = 0x2c8
                    0x02ca                  LATB = 0x2ca
                    0x02ca                  _LATB = 0x2ca
                    0x02ca                  _LATBbits = 0x2ca
                    0x02cc                  TRISC = 0x2cc
                    0x02cc                  _TRISC = 0x2cc
                    0x02cc                  _TRISCbits = 0x2cc
                    0x02ce                  PORTC = 0x2ce
                    0x02ce                  _PORTC = 0x2ce
                    0x02ce                  _PORTCbits = 0x2ce
                    0x02d0                  LATC = 0x2d0
                    0x02d0                  _LATC = 0x2d0
                    0x02d0                  _LATCbits = 0x2d0
                    0x02d2                  TRISD = 0x2d2
                    0x02d2                  _TRISD = 0x2d2
                    0x02d2                  _TRISDbits = 0x2d2
                    0x02d4                  PORTD = 0x2d4
                    0x02d4                  _PORTD = 0x2d4
                    0x02d4                  _PORTDbits = 0x2d4
                    0x02d6                  LATD = 0x2d6
                    0x02d6                  _LATD = 0x2d6
                    0x02d6                  _LATDbits = 0x2d6
                    0x02de                  TRISF = 0x2de
                    0x02de                  _TRISF = 0x2de
                    0x02de                  _TRISFbits = 0x2de
                    0x02e0                  PORTF = 0x2e0
                    0x02e0                  _PORTF = 0x2e0
                    0x02e0                  _PORTFbits = 0x2e0
                    0x02e2                  LATF = 0x2e2
                    0x02e2                  _LATF = 0x2e2
                    0x02e2                  _LATFbits = 0x2e2
                    0x0300                  C1RXF0SID = 0x300
                    0x0300                  _C1RXF0SID = 0x300
                    0x0300                  _C1RXF0SIDbits = 0x300
                    0x0302                  C1RXF0EIDH = 0x302
                    0x0302                  _C1RXF0EIDH = 0x302
                    0x0302                  _C1RXF0EIDHbits = 0x302
                    0x0304                  C1RXF0EIDL = 0x304
                    0x0304                  _C1RXF0EIDL = 0x304
                    0x0304                  _C1RXF0EIDLbits = 0x304
                    0x0308                  C1RXF1SID = 0x308
                    0x0308                  _C1RXF1SID = 0x308
                    0x0308                  _C1RXF1SIDbits = 0x308
                    0x030a                  C1RXF1EIDH = 0x30a
                    0x030a                  _C1RXF1EIDH = 0x30a
                    0x030a                  _C1RXF1EIDHbits = 0x30a
                    0x030c                  C1RXF1EIDL = 0x30c
                    0x030c                  _C1RXF1EIDL = 0x30c
                    0x030c                  _C1RXF1EIDLbits = 0x30c
                    0x0310                  C1RXF2SID = 0x310
                    0x0310                  _C1RXF2SID = 0x310
                    0x0310                  _C1RXF2SIDbits = 0x310
                    0x0312                  C1RXF2EIDH = 0x312
                    0x0312                  _C1RXF2EIDH = 0x312
                    0x0312                  _C1RXF2EIDHbits = 0x312
                    0x0314                  C1RXF2EIDL = 0x314
                    0x0314                  _C1RXF2EIDL = 0x314
                    0x0314                  _C1RXF2EIDLbits = 0x314
                    0x0318                  C1RXF3SID = 0x318
                    0x0318                  _C1RXF3SID = 0x318
                    0x0318                  _C1RXF3SIDbits = 0x318
                    0x031a                  C1RXF3EIDH = 0x31a
                    0x031a                  _C1RXF3EIDH = 0x31a
                    0x031a                  _C1RXF3EIDHbits = 0x31a
                    0x031c                  C1RXF3EIDL = 0x31c
                    0x031c                  _C1RXF3EIDL = 0x31c
                    0x031c                  _C1RXF3EIDLbits = 0x31c
                    0x0320                  C1RXF4SID = 0x320
                    0x0320                  _C1RXF4SID = 0x320
                    0x0320                  _C1RXF4SIDbits = 0x320
                    0x0322                  C1RXF4EIDH = 0x322
                    0x0322                  _C1RXF4EIDH = 0x322
                    0x0322                  _C1RXF4EIDHbits = 0x322
                    0x0324                  C1RXF4EIDL = 0x324
                    0x0324                  _C1RXF4EIDL = 0x324
                    0x0324                  _C1RXF4EIDLbits = 0x324
                    0x0328                  C1RXF5SID = 0x328
                    0x0328                  _C1RXF5SID = 0x328
                    0x0328                  _C1RXF5SIDbits = 0x328
                    0x032a                  C1RXF5EIDH = 0x32a
                    0x032a                  _C1RXF5EIDH = 0x32a
                    0x032a                  _C1RXF5EIDHbits = 0x32a
                    0x032c                  C1RXF5EIDL = 0x32c
                    0x032c                  _C1RXF5EIDL = 0x32c
                    0x032c                  _C1RXF5EIDLbits = 0x32c
                    0x0330                  C1RXM0SID = 0x330
                    0x0330                  _C1RXM0SID = 0x330
                    0x0330                  _C1RXM0SIDbits = 0x330
                    0x0332                  C1RXM0EIDH = 0x332
                    0x0332                  _C1RXM0EIDH = 0x332
                    0x0332                  _C1RXM0EIDHbits = 0x332
                    0x0334                  C1RXM0EIDL = 0x334
                    0x0334                  _C1RXM0EIDL = 0x334
                    0x0334                  _C1RXM0EIDLbits = 0x334
                    0x0338                  C1RXM1SID = 0x338
                    0x0338                  _C1RXM1SID = 0x338
                    0x0338                  _C1RXM1SIDbits = 0x338
                    0x033a                  C1RXM1EIDH = 0x33a
                    0x033a                  _C1RXM1EIDH = 0x33a
                    0x033a                  _C1RXM1EIDHbits = 0x33a
                    0x033c                  C1RXM1EIDL = 0x33c
                    0x033c                  _C1RXM1EIDL = 0x33c
                    0x033c                  _C1RXM1EIDLbits = 0x33c
                    0x0340                  C1TX2SID = 0x340
                    0x0340                  _C1TX2SID = 0x340
                    0x0340                  _C1TX2SIDbits = 0x340
                    0x0342                  C1TX2EID = 0x342
                    0x0342                  _C1TX2EID = 0x342
                    0x0342                  _C1TX2EIDbits = 0x342
                    0x0344                  C1TX2DLC = 0x344
                    0x0344                  _C1TX2DLC = 0x344
                    0x0344                  _C1TX2DLCbits = 0x344
                    0x0346                  C1TX2B1 = 0x346
                    0x0346                  _C1TX2B1 = 0x346
                    0x0346                  _C1TX2B1bits = 0x346
                    0x0348                  C1TX2B2 = 0x348
                    0x0348                  _C1TX2B2 = 0x348
                    0x0348                  _C1TX2B2bits = 0x348
                    0x034a                  C1TX2B3 = 0x34a
                    0x034a                  _C1TX2B3 = 0x34a
                    0x034a                  _C1TX2B3bits = 0x34a
                    0x034c                  C1TX2B4 = 0x34c
                    0x034c                  _C1TX2B4 = 0x34c
                    0x034c                  _C1TX2B4bits = 0x34c
                    0x034e                  C1TX2CON = 0x34e
                    0x034e                  _C1TX2CON = 0x34e
                    0x034e                  _C1TX2CONbits = 0x34e
                    0x0350                  C1TX1SID = 0x350
                    0x0350                  _C1TX1SID = 0x350
                    0x0350                  _C1TX1SIDbits = 0x350
                    0x0352                  C1TX1EID = 0x352
                    0x0352                  _C1TX1EID = 0x352
                    0x0352                  _C1TX1EIDbits = 0x352
                    0x0354                  C1TX1DLC = 0x354
                    0x0354                  _C1TX1DLC = 0x354
                    0x0354                  _C1TX1DLCbits = 0x354
                    0x0356                  C1TX1B1 = 0x356
                    0x0356                  _C1TX1B1 = 0x356
                    0x0356                  _C1TX1B1bits = 0x356
                    0x0358                  C1TX1B2 = 0x358
                    0x0358                  _C1TX1B2 = 0x358
                    0x0358                  _C1TX1B2bits = 0x358
                    0x035a                  C1TX1B3 = 0x35a
                    0x035a                  _C1TX1B3 = 0x35a
                    0x035a                  _C1TX1B3bits = 0x35a
                    0x035c                  C1TX1B4 = 0x35c
                    0x035c                  _C1TX1B4 = 0x35c
                    0x035c                  _C1TX1B4bits = 0x35c
                    0x035e                  C1TX1CON = 0x35e
                    0x035e                  _C1TX1CON = 0x35e
                    0x035e                  _C1TX1CONbits = 0x35e
                    0x0360                  C1TX0SID = 0x360
                    0x0360                  _C1TX0SID = 0x360
                    0x0360                  _C1TX0SIDbits = 0x360
                    0x0362                  C1TX0EID = 0x362
                    0x0362                  _C1TX0EID = 0x362
                    0x0362                  _C1TX0EIDbits = 0x362
                    0x0364                  C1TX0DLC = 0x364
                    0x0364                  _C1TX0DLC = 0x364
                    0x0364                  _C1TX0DLCbits = 0x364
                    0x0366                  C1TX0B1 = 0x366
                    0x0366                  _C1TX0B1 = 0x366
                    0x0366                  _C1TX0B1bits = 0x366
                    0x0368                  C1TX0B2 = 0x368
                    0x0368                  _C1TX0B2 = 0x368
                    0x0368                  _C1TX0B2bits = 0x368
                    0x036a                  C1TX0B3 = 0x36a
                    0x036a                  _C1TX0B3 = 0x36a
                    0x036a                  _C1TX0B3bits = 0x36a
                    0x036c                  C1TX0B4 = 0x36c
                    0x036c                  _C1TX0B4 = 0x36c
                    0x036c                  _C1TX0B4bits = 0x36c
                    0x036e                  C1TX0CON = 0x36e
                    0x036e                  _C1TX0CON = 0x36e
                    0x036e                  _C1TX0CONbits = 0x36e
                    0x0370                  C1RX1SID = 0x370
                    0x0370                  _C1RX1SID = 0x370
                    0x0370                  _C1RX1SIDbits = 0x370
                    0x0372                  C1RX1EID = 0x372
                    0x0372                  _C1RX1EID = 0x372
                    0x0372                  _C1RX1EIDbits = 0x372
                    0x0374                  C1RX1DLC = 0x374
                    0x0374                  _C1RX1DLC = 0x374
                    0x0374                  _C1RX1DLCbits = 0x374
                    0x0376                  C1RX1B1 = 0x376
                    0x0376                  _C1RX1B1 = 0x376
                    0x0376                  _C1RX1B1bits = 0x376
                    0x0378                  C1RX1B2 = 0x378
                    0x0378                  _C1RX1B2 = 0x378
                    0x0378                  _C1RX1B2bits = 0x378
                    0x037a                  C1RX1B3 = 0x37a
                    0x037a                  _C1RX1B3 = 0x37a
                    0x037a                  _C1RX1B3bits = 0x37a
                    0x037c                  C1RX1B4 = 0x37c
                    0x037c                  _C1RX1B4 = 0x37c
                    0x037c                  _C1RX1B4bits = 0x37c
                    0x037e                  C1RX1CON = 0x37e
                    0x037e                  _C1RX1CON = 0x37e
                    0x037e                  _C1RX1CONbits = 0x37e
                    0x0380                  C1RX0SID = 0x380
                    0x0380                  _C1RX0SID = 0x380
                    0x0380                  _C1RX0SIDbits = 0x380
                    0x0382                  C1RX0EID = 0x382
                    0x0382                  _C1RX0EID = 0x382
                    0x0382                  _C1RX0EIDbits = 0x382
                    0x0384                  C1RX0DLC = 0x384
                    0x0384                  _C1RX0DLC = 0x384
                    0x0384                  _C1RX0DLCbits = 0x384
                    0x0386                  C1RX0B1 = 0x386
                    0x0386                  _C1RX0B1 = 0x386
                    0x0386                  _C1RX0B1bits = 0x386
                    0x0388                  C1RX0B2 = 0x388
                    0x0388                  _C1RX0B2 = 0x388
                    0x0388                  _C1RX0B2bits = 0x388
                    0x038a                  C1RX0B3 = 0x38a
                    0x038a                  _C1RX0B3 = 0x38a
                    0x038a                  _C1RX0B3bits = 0x38a
                    0x038c                  C1RX0B4 = 0x38c
                    0x038c                  _C1RX0B4 = 0x38c
                    0x038c                  _C1RX0B4bits = 0x38c
                    0x038e                  C1RX0CON = 0x38e
                    0x038e                  _C1RX0CON = 0x38e
                    0x038e                  _C1RX0CONbits = 0x38e
                    0x0390                  C1CTRL = 0x390
                    0x0390                  _C1CTRL = 0x390
                    0x0390                  _C1CTRLbits = 0x390
                    0x0392                  C1CFG1 = 0x392
                    0x0392                  _C1CFG1 = 0x392
                    0x0392                  _C1CFG1bits = 0x392
                    0x0394                  C1CFG2 = 0x394
                    0x0394                  _C1CFG2 = 0x394
                    0x0394                  _C1CFG2bits = 0x394
                    0x0396                  C1INTF = 0x396
                    0x0396                  _C1INTF = 0x396
                    0x0396                  _C1INTFbits = 0x396
                    0x0398                  C1INTE = 0x398
                    0x0398                  _C1INTE = 0x398
                    0x0398                  _C1INTEbits = 0x398
                    0x039a                  C1EC = 0x39a
                    0x039a                  _C1EC = 0x39a
                    0x039a                  _C1ECbits = 0x39a
                    0x039a                  C1RERRCNT = 0x39a
                    0x039a                  _C1RERRCNT = 0x39a
                    0x039b                  C1TERRCNT = 0x39b
                    0x039b                  _C1TERRCNT = 0x39b
                    0x0740                  RCON = 0x740
                    0x0740                  _RCON = 0x740
                    0x0740                  _RCONbits = 0x740
                    0x0742                  OSCCON = 0x742
                    0x0742                  _OSCCON = 0x742
                    0x0742                  _OSCCONbits = 0x742
                    0x0742                  OSCCONL = 0x742
                    0x0742                  _OSCCONL = 0x742
                    0x0743                  OSCCONH = 0x743
                    0x0743                  _OSCCONH = 0x743
                    0x0744                  OSCTUN = 0x744
                    0x0744                  _OSCTUN = 0x744
                    0x0744                  _OSCTUNbits = 0x744
                    0x0760                  NVMCON = 0x760
                    0x0760                  _NVMCON = 0x760
                    0x0760                  _NVMCONbits = 0x760
                    0x0762                  NVMADR = 0x762
                    0x0762                  _NVMADR = 0x762
                    0x0764                  NVMADRU = 0x764
                    0x0764                  _NVMADRU = 0x764
                    0x0764                  _NVMADRUbits = 0x764
                    0x0766                  NVMKEY = 0x766
                    0x0766                  _NVMKEY = 0x766
                    0x0770                  PMD1 = 0x770
                    0x0770                  _PMD1 = 0x770
                    0x0770                  _PMD1bits = 0x770
                    0x0772                  PMD2 = 0x772
                    0x0772                  _PMD2 = 0x772
                    0x0772                  _PMD2bits = 0x772
                    0x0022                  ACCA = 0x22
                    0x0022                  _ACCA = 0x22
                    0x0028                  ACCB = 0x28
                    0x0028                  _ACCB = 0x28
                    0x0300                  CAN1 = 0x300
                    0x0300                  _CAN1 = 0x300
                    0x0140                  IC1 = 0x140
                    0x0140                  _IC1 = 0x140
                    0x0144                  IC2 = 0x144
                    0x0144                  _IC2 = 0x144
                    0x0158                  IC7 = 0x158
                    0x0158                  _IC7 = 0x158
                    0x015c                  IC8 = 0x15c
                    0x015c                  _IC8 = 0x15c
                    0x0180                  OC1 = 0x180
                    0x0180                  _OC1 = 0x180
                    0x0186                  OC2 = 0x186
                    0x0186                  _OC2 = 0x186
                    0x018c                  OC3 = 0x18c
                    0x018c                  _OC3 = 0x18c
                    0x0192                  OC4 = 0x192
                    0x0192                  _OC4 = 0x192
                    0x0220                  SPI1 = 0x220
                    0x0220                  _SPI1 = 0x220
                    0x020c                  UART1 = 0x20c
                    0x020c                  _UART1 = 0x20c
                    0x0216                  UART2 = 0x216
                    0x0216                  _UART2 = 0x216
START GROUP
LOAD c:/program files (x86)/microchip/xc16/v1.26/bin/bin/../../lib\liblega-pic30-elf.a
LOAD c:/program files (x86)/microchip/xc16/v1.26/bin/bin/../../lib\libm-elf.a
LOAD c:/program files (x86)/microchip/xc16/v1.26/bin/bin/../../lib\liblega-c-elf.a
END GROUP
OUTPUT(dist/default/production/charger.X.production.elf elf32-pic30)
LOAD FGS
LOAD default_isr
LOAD data_init
LOAD shared_data_init

.debug_pubtypes
                  0x000078        0x503
 .debug_pubtypes
                  0x000078        0x346 build/default/production/main.o
 .debug_pubtypes
                  0x0003be         0x46 build/default/production/eeprom.o
 .debug_pubtypes
                  0x000404         0x12 build/default/production/drv_uart1_16bit.o
 .debug_pubtypes
                  0x000416        0x123 build/default/production/modbus-RTU.o
 .debug_pubtypes
                  0x000539         0x21 C:\Program Files (x86)\Microchip\xc16\v1.26\lib\libdsp-elf.a(flt2frct.o)
 .debug_pubtypes
                  0x00055a         0x21 C:\Program Files (x86)\Microchip\xc16\v1.26\lib\libdsp-elf.a(frct2flt.o)

__c30_signature
                  0x00057b         0xc6
 __c30_signature
                  0x00057b          0x6 build/default/production/main.o
 __c30_signature
                  0x000581          0x6 build/default/production/eeprom.o
 __c30_signature
                  0x000587          0x6 build/default/production/drv_uart1_16bit.o
 __c30_signature
                  0x00058d          0x6 build/default/production/modbus-RTU.o
 __c30_signature
                  0x000593          0x6 C:\Program Files (x86)\Microchip\xc16\v1.26\lib\libdsp-elf.a(flt2frct.o)
 __c30_signature
                  0x000599          0x6 C:\Program Files (x86)\Microchip\xc16\v1.26\lib\libdsp-elf.a(frct2flt.o)
 __c30_signature
                  0x00059f          0x6 C:\Program Files (x86)\Microchip\xc16\v1.26\lib\libdsp-elf.a(pid.obj)
 __c30_signature
                  0x0005a5          0x6 c:/program files (x86)/microchip/xc16/v1.26/bin/bin/../../lib\liblega-pic30-elf.a(crt0_standard.o)
 __c30_signature
                  0x0005ab          0x6 c:/program files (x86)/microchip/xc16/v1.26/bin/bin/../../lib\liblega-pic30-elf.a(data_init_standard.o)
 __c30_signature
                  0x0005b1          0x6 c:/program files (x86)/microchip/xc16/v1.26/bin/bin/../../lib\liblega-pic30-elf.a(eedata_helper.Leo)
 __c30_signature
                  0x0005b7          0x6 c:/program files (x86)/microchip/xc16/v1.26/bin/bin/../../lib\liblega-pic30-elf.a(memcpy_helper.Leo)
 __c30_signature
                  0x0005bd          0x6 c:/program files (x86)/microchip/xc16/v1.26/bin/bin/../../lib\liblega-pic30-elf.a(delay32.Leo)
 __c30_signature
                  0x0005c3          0x6 c:/program files (x86)/microchip/xc16/v1.26/bin/bin/../../lib\libm-elf.a(addsf3.eo)
 __c30_signature
                  0x0005c9          0x6 c:/program files (x86)/microchip/xc16/v1.26/bin/bin/../../lib\libm-elf.a(ceilf.eo)
 __c30_signature
                  0x0005cf          0x6 c:/program files (x86)/microchip/xc16/v1.26/bin/bin/../../lib\libm-elf.a(divsf3.eo)
 __c30_signature
                  0x0005d5          0x6 c:/program files (x86)/microchip/xc16/v1.26/bin/bin/../../lib\libm-elf.a(fchop.eo)
 __c30_signature
                  0x0005db          0x6 c:/program files (x86)/microchip/xc16/v1.26/bin/bin/../../lib\libm-elf.a(feqltle.eo)
 __c30_signature
                  0x0005e1          0x6 c:/program files (x86)/microchip/xc16/v1.26/bin/bin/../../lib\libm-elf.a(fgtge.eo)
 __c30_signature
                  0x0005e7          0x6 c:/program files (x86)/microchip/xc16/v1.26/bin/bin/../../lib\libm-elf.a(fixsfsi.eo)
 __c30_signature
                  0x0005ed          0x6 c:/program files (x86)/microchip/xc16/v1.26/bin/bin/../../lib\libm-elf.a(fixunssfsi.eo)
 __c30_signature
                  0x0005f3          0x6 c:/program files (x86)/microchip/xc16/v1.26/bin/bin/../../lib\libm-elf.a(floatsisf.eo)
 __c30_signature
                  0x0005f9          0x6 c:/program files (x86)/microchip/xc16/v1.26/bin/bin/../../lib\libm-elf.a(floatunsisf.eo)
 __c30_signature
                  0x0005ff          0x6 c:/program files (x86)/microchip/xc16/v1.26/bin/bin/../../lib\libm-elf.a(floorf.eo)
 __c30_signature
                  0x000605          0x6 c:/program files (x86)/microchip/xc16/v1.26/bin/bin/../../lib\libm-elf.a(fne.eo)
 __c30_signature
                  0x00060b          0x6 c:/program files (x86)/microchip/xc16/v1.26/bin/bin/../../lib\libm-elf.a(fpack.eo)
 __c30_signature
                  0x000611          0x6 c:/program files (x86)/microchip/xc16/v1.26/bin/bin/../../lib\libm-elf.a(funpack.eo)
 __c30_signature
                  0x000617          0x6 c:/program files (x86)/microchip/xc16/v1.26/bin/bin/../../lib\libm-elf.a(funpack2.eo)
 __c30_signature
                  0x00061d          0x6 c:/program files (x86)/microchip/xc16/v1.26/bin/bin/../../lib\libm-elf.a(futil.eo)
 __c30_signature
                  0x000623          0x6 c:/program files (x86)/microchip/xc16/v1.26/bin/bin/../../lib\libm-elf.a(mulsf3.eo)
 __c30_signature
                  0x000629          0x6 c:/program files (x86)/microchip/xc16/v1.26/bin/bin/../../lib\libm-elf.a(udivsi3.eo)
 __c30_signature
                  0x00062f          0x6 c:/program files (x86)/microchip/xc16/v1.26/bin/bin/../../lib\libm-elf.a(fcompare.eo)
 __c30_signature
                  0x000635          0x6 c:/program files (x86)/microchip/xc16/v1.26/bin/bin/../../lib\libm-elf.a(floatdisf.eo)
 __c30_signature
                  0x00063b          0x6 c:/program files (x86)/microchip/xc16/v1.26/bin/bin/../../lib\libm-elf.a(floatundisf.eo)

.xbss               0x0800         0x12
 .xbss              0x0800         0x12 build/default/production/main.o
                    0x0800                  _abcCoefficient1
                    0x0806                  _abcCoefficient2
                    0x080c                  _abcCoefficient3

.ybss               0x0fee         0x12
 .ybss              0x0fee         0x12 build/default/production/main.o
                    0x0fee                  _controlHistory1
                    0x0ff4                  _controlHistory2
                    0x0ffa                  _controlHistory3

.nbss               0x0812        0x5d6
 .nbss              0x0812        0x4ba build/default/production/main.o
                    0x0812                  _fooPID1
                    0x081c                  _fooPID2
                    0x0826                  _fooPID3
                    0x0830                  _kCoeffs1
                    0x0836                  _kCoeffs2
                    0x083c                  _kCoeffs3
                    0x0842                  _Current_State
                    0x0844                  _Key_Pressed_Flag
                    0x0845                  _Pressed_Key
                    0x0846                  _Previous_Pressed_Key
                    0x0847                  _Detected_Key
                    0x0848                  _Previous_Detected_Key
                    0x084a                  _Debounce_Counter
                    0x084c                  _TTCounter
                    0x084e                  _iTCounter
                    0x0850                  _Register_Counter
                    0x0852                  _Register_Counter_Limit
                    0x0854                  _End_Of_Float
                    0x0856                  _End_Of_Word
                    0x0858                  _End_Of_Byte
                    0x085a                  _End_Of_Flag
                    0x085c                  _DAM
                    0x085e                  _Flag_Type
                    0x08b4                  _Byte_Type
                    0x08c4                  _Word_Type
                    0x0922                  _r
                    0x0972                  _Real_Type
                    0x099a                  _Float_Type
                    0x09ae                  _Segment_Digit
                    0x09b1                  _Segment_Dot
                    0x09b4                  _Set_Segment_Counter
                    0x09b5                  _Over_Flow_Timer1_Flag
                    0x09b6                  _Over_Flow_Timer1_Counter
                    0x09b8                  _Que_Alarm
                    0x09d8                  _f_event
                    0x09f9                  _f_property
                    0x0a1a                  _f_event_already_happened
                    0x0a3b                  _Screen_Saver_Enable
                    0x0a3c                  _Screen_Saver_Counter
                    0x0a3e                  _Run_Function_Start_Flag
                    0x0a40                  _Run_Function_Start_Counter
                    0x0a42                  _Temporary_int_Register1
                    0x0a44                  _Temporary_long_Register1
                    0x0a48                  _Temporary_float_Register
                    0x0a4c                  _Equalization_Charge_Counter
                    0x0a50                  _Manual_Equalization_Charge_Counter
                    0x0a54                  _Equalization_Charge_Flag
                    0x0a56                  _VO_SP_Temporary
                    0x0a5a                  _Phase_Direct_Detect_Counter
                    0x0a5c                  _VO_PV_SUM
                    0x0a60                  _VI_PV_SUM
                    0x0a64                  _IB_PV_SUM
                    0x0a68                  _IO_PV_SUM
                    0x0a6c                  _TB_PV_SUM
                    0x0a70                  _TH_PV_SUM
                    0x0a74                  _Frq_PV_SUM
                    0x0a78                  _OC1_Status
                    0x0a79                  _OC2_Status
                    0x0a7a                  _OC3_Status
                    0x0a7c                  _Second_Filter_Counter
                    0x0a7e                  _VO_PID_Enable
                    0x0a7f                  _IB_PID_Enable
                    0x0a80                  _IO_PID_Enable
                    0x0a81                  _Que_Alarm_Update_Flag
                    0x0a82                  _Que_Alarm_Update_Counter
                    0x0a84                  _Start_Que_Alarm_Update_Flag
                    0x0a86                  _Last_Event_Number
                    0x0a88                  _T_INT0_INT1
                    0x0a8a                  _T_INT1_INT2
                    0x0a8c                  _T_INT2_INT0
                    0x0a8e                  _instate
                    0x0a90                  _inputRegisters
                    0x0ab8                  _UART_last_Byte_Sent_Flag
                    0x0ab9                  _Phase_Sync_Counter
                    0x0abc                  _F_RIGHT
                    0x0abd                  _F_LEFT
                    0x0abe                  _F_L1_LOSS
                    0x0abf                  _F_L2_LOSS
                    0x0ac0                  _F_L3_LOSS
                    0x0ac1                  _F_NO_LOSS
                    0x0ac2                  _C_NO_OF_CYCLE
                    0x0ac4                  _F_FILTER_UPDATE
                    0x0ac5                  _F_PID_CLK
                    0x0ac6                  _AI_VO_SUM
                    0x0aca                  _AI_IOUT_SUM
                    0x0ace                  _AI_IBAT_SUM
                    0x0ad2                  _AI_VIN_SUM
                    0x0ad6                  _AI_BAT_TEMP_SUM
                    0x0ada                  _AI_HITSINK_TEMP_SUM
                    0x0ade                  _F_VO_UPDATE
                    0x0adf                  _F_IO_UPDATE
                    0x0ae0                  _F_IB_UPDATE
                    0x0ae1                  _F_VIN_UPDATE
                    0x0ae2                  _F_B_TEMP_UPDATE
                    0x0ae3                  _F_H_TEMP_UPDATE
                    0x0ae4                  _VO_G
                    0x0ae8                  _HOU_REAL
                    0x0aea                  _HOU_WORD
                    0x0aec                  _LOU_WORD
                    0x0aee                  _TBAT_G
                    0x0af2                  _Hbt_REAL
                    0x0af4                  _Hbt_WORD
                    0x0af6                  _Lbt_REAL
                    0x0af8                  _Lbt_WORD
                    0x0afa                  _TBAT_WZ
                    0x0afe                  _Set_Point
                    0x0b02                  _INT_Set_Point
                    0x0b04                  _Error_VO
                    0x0b08                  _Error_IB
                    0x0b0c                  _Error_IO
                    0x0b10                  _IB_G
                    0x0b14                  _HBC_REAL
                    0x0b16                  _HBC_WORD
                    0x0b18                  _LBC_WORD
                    0x0b1a                  _IO_G
                    0x0b1e                  _HLC_REAL
                    0x0b20                  _HLC_WORD
                    0x0b22                  _LLC_WORD
                    0x0b24                  _IB_DEC_G
                    0x0b28                  _IO_DEC_G
                    0x0b2c                  _NTC_G
                    0x0b30                  _HHt_WORD
                    0x0b32                  _LHt_WORD
                    0x0b34                  _VI_G
                    0x0b38                  _LUT
                    0x0c38                  _Ramp_Output
                    0x0c3a                  _Set_Point_Ramp_Output
                    0x0c3c                  _FUNC_CONFIG_RIGHT
                    0x0c3d                  _FUNC_CONFIG_LEFT
                    0x0c3e                  _FUNC_CONFIG_RIGHT1
                    0x0c3f                  _FUNC_CONFIG_LEFT1
                    0x0c40                  _F_FAIL
                    0x0c42                  _M
                    0x0c46                  _M2
                    0x0c4a                  _LIU_WORD
                    0x0c4c                  _HIU_WORD
                    0x0c4e                  _HIU_REAL
                    0x0c4f                  _LHt_REAL
                    0x0c50                  _HHt_REAL
                    0x0c52                  _HMt_WORD
                    0x0c54                  _HMt_REAL
                    0x0c55                  _F_FAIL_DATA_ENTRY
                    0x0c56                  _AI_OFF_SCR_BATTERY_VOLTAGE
                    0x0c58                  _F_E2ROM_FAIL
                    0x0c59                  _WATCH_DOG_FAIL
                    0x0c5a                  _Start_Output_Over_Under_V_Flag
                    0x0c5c                  _Output_Over_Under_V_Counter
                    0x0c5e                  _Load_Battery_Over_I_Flag
                    0x0c60                  _Load_Battery_Over_I_Counter
                    0x0c62                  _Byte_Type_Change_Flag
                    0x0c71                  _Word_Type_Change_Flag
                    0x0c79                  _Real_Type_Change_Flag
                    0x0c82                  _Float_Type_Change_Flag
                    0x0c8b                  _Flag_Type_Change_Flag
                    0x0cc3                  _PT100_LOSS_FLAG
                    0x0cc4                  _DRIVE_RESET_Counter
                    0x0cc6                  _READY_STATUS_Counter
                    0x0cc8                  _PID_Ramp_Disable
                    0x0cca                  _F_FILTER_UPDATE_Counter
 .nbss              0x0ccc        0x11c build/default/production/modbus-RTU.o
                    0x0ccc                  _BusState
                    0x0cce                  _modbusTimer
                    0x0cd0                  _rxbuffer
                    0x0dd0                  _DataPos
                    0x0dd2                  _modBusStaMaStates
                    0x0de6                  _Address

.ndata              0x0de8         0x30
 .ndata             0x0de8         0x30 build/default/production/main.o
                    0x0de8                  _Key_Released_Flag
                    0x0de9                  _Debounce_Limit
                    0x0dea                  _TTCounter_Limit
                    0x0dec                  _outstate
                    0x0dee                  _holdingRegisters
                    0x0e16                  _CMD_TYPE

.nbss               0x0e18          0x4
 .nbss              0x0e18          0x4 build/default/production/eeprom.o
                    0x0e18                  _tempLoc

.ndata              0x0e1c          0x2
 .ndata             0x0e1c          0x2 build/default/production/modbus-RTU.o
                    0x0e1c                  _PacketTopIndex

.config_ICS       0xf8000c          0x2
 .config_ICS      0xf8000c          0x2 build/default/production/main.o

.config_MCLRE     0xf80004          0x2
 .config_MCLRE    0xf80004          0x2 build/default/production/main.o

.config_WDT       0xf80002          0x2
 .config_WDT      0xf80002          0x2 build/default/production/main.o

.config_FCKSMEN
                  0xf80000          0x2
 .config_FCKSMEN
                  0xf80000          0x2 build/default/production/main.o

.ivt._T1Interrupt
                  0x00001a          0x2
 .ivt._T1Interrupt
                  0x00001a          0x2 build/default/production/main.o

.ivt._INT0Interrupt
                  0x000014          0x2
 .ivt._INT0Interrupt
                  0x000014          0x2 build/default/production/main.o

.ivt._INT1Interrupt
                  0x000034          0x2
 .ivt._INT1Interrupt
                  0x000034          0x2 build/default/production/main.o

.ivt._INT2Interrupt
                  0x000042          0x2
 .ivt._INT2Interrupt
                  0x000042          0x2 build/default/production/main.o

.ivt._T2Interrupt
                  0x000020          0x2
 .ivt._T2Interrupt
                  0x000020          0x2 build/default/production/main.o

.ivt._T3Interrupt
                  0x000022          0x2
 .ivt._T3Interrupt
                  0x000022          0x2 build/default/production/main.o

.ivt._T4Interrupt
                  0x00003e          0x2
 .ivt._T4Interrupt
                  0x00003e          0x2 build/default/production/main.o

.ivt._U1TXInterrupt
                  0x000028          0x2
 .ivt._U1TXInterrupt
                  0x000028          0x2 build/default/production/modbus-RTU.o

.ivt._U1RXInterrupt
                  0x000026          0x2
 .ivt._U1RXInterrupt
                  0x000026          0x2 build/default/production/modbus-RTU.o

.const              0xd630        0x200 load address 0x005630  
 .const             0xd630        0x200 build/default/production/main.o

.text             0x005830        0xe28
 .text            0x005830        0x7ea build/default/production/modbus-RTU.o
                  0x005830                  _DRV_UART1_InitializerDefault
                  0x00586a                  __U1TXInterrupt
                  0x0058ac                  __U1RXInterrupt
                  0x00595e                  _DRV_UART1_ReadByte
                  0x00598c                  _DRV_UART1_Read
                  0x0059c0                  _DRV_UART1_WriteByte
                  0x0059f6                  _DRV_UART1_Write
                  0x005a28                  _DRV_UART1_TransferStatus
                  0x005a64                  _DRV_UART1_Peek
                  0x005a8e                  _DRV_UART1_RXBufferSizeGet
                  0x005aae                  _DRV_UART1_TXBufferSizeGet
                  0x005ace                  _DRV_UART1_RXBufferIsEmpty
                  0x005ae6                  _DRV_UART1_TXBufferIsFull
                  0x005afe                  _DRV_UART1_Status
                  0x005b06                  _modbusGetBusState
                  0x005b0e                  _modbusGetAddress
                  0x005b16                  _modbusSetAddress
                  0x005b24                  _transceiver_txen
                  0x005b2a                  _transceiver_rxen
                  0x005b30                  _crc16
                  0x005be2                  _listRegisterCopy
                  0x005c12                  _listBitCopy
                  0x005c78                  _modbusReset
                  0x005c86                  _modbusTickTimer
                  0x005cf4                  _modbusInit
                  0x005d00                  _modbusSendMessage
                  0x005d28                  _modbusSendException
                  0x005d44                  _modbusRequestedAmount
                  0x005d56                  _modbusRequestedAddress
                  0x005d68                  _intToModbusRegister
                  0x005db8                  _modbusRegisterToInt
                  0x005e00                  _modbusExchangeRegisters
                  0x005efa                  _modbusExchangeBits
 .text            0x00601a        0x63e build/default/production/eeprom.o
                  0x00601a                  _write_eeprom
                  0x006044                  _read_eeprom
                  0x00605c                  _ee_get_DAM
                  0x006070                  _ee_set_DAM
                  0x006088                  _ee_get_Lbt_ADRESS_WORD
                  0x00609c                  _ee_set_Lbt_ADRESS_WORD
                  0x0060b4                  _ee_get_Lbt_ADRESS_REAL
                  0x0060c8                  _ee_set_Lbt_ADRESS_REAL
                  0x0060e0                  _ee_get_Hbt_ADRESS_WORD
                  0x0060f4                  _ee_set_Hbt_ADRESS_WORD
                  0x00610c                  _ee_get_Hbt_ADRESS_REAL
                  0x006120                  _ee_set_Hbt_ADRESS_REAL
                  0x006138                  _ee_get_LOU_ADRESS_WORD
                  0x00614c                  _ee_set_LOU_ADRESS_WORD
                  0x006164                  _ee_get_HOU_ADRESS_WORD
                  0x006178                  _ee_set_HOU_ADRESS_WORD
                  0x006190                  _ee_get_HOU_ADRESS_REAL
                  0x0061a4                  _ee_set_HOU_ADRESS_REAL
                  0x0061bc                  _ee_get_LIU_ADRESS_WORD
                  0x0061d0                  _ee_set_LIU_ADRESS_WORD
                  0x0061e8                  _ee_get_HIU_ADRESS_WORD
                  0x0061fc                  _ee_set_HIU_ADRESS_WORD
                  0x006214                  _ee_get_HIU_ADRESS_REAL
                  0x006228                  _ee_set_HIU_ADRESS_REAL
                  0x006240                  _ee_get_LbC_ADRESS_WORD
                  0x006254                  _ee_set_LbC_ADRESS_WORD
                  0x00626c                  _ee_get_HbC_ADRESS_WORD
                  0x006280                  _ee_set_HbC_ADRESS_WORD
                  0x006298                  _ee_get_HbC_ADRESS_REAL
                  0x0062ac                  _ee_set_HbC_ADRESS_REAL
                  0x0062c4                  _ee_get_LLC_ADRESS_WORD
                  0x0062d8                  _ee_set_LLC_ADRESS_WORD
                  0x0062f0                  _ee_get_HLC_ADRESS_WORD
                  0x006304                  _ee_set_HLC_ADRESS_WORD
                  0x00631c                  _ee_get_HLC_ADRESS_REAL
                  0x006330                  _ee_set_HLC_ADRESS_REAL
                  0x006348                  _ee_get_LHt_ADRESS_WORD
                  0x00635c                  _ee_set_LHt_ADRESS_WORD
                  0x006374                  _ee_get_LHt_ADRESS_REAL
                  0x006388                  _ee_set_LHt_ADRESS_REAL
                  0x0063a0                  _ee_get_HHt_ADRESS_WORD
                  0x0063b4                  _ee_set_HHt_ADRESS_WORD
                  0x0063cc                  _ee_get_HHt_ADRESS_REAL
                  0x0063e0                  _ee_set_HHt_ADRESS_REAL
                  0x0063f8                  _ee_get_HMt_ADRESS_WORD
                  0x00640c                  _ee_set_HMt_ADRESS_WORD
                  0x006424                  _ee_get_HMt_ADRESS_REAL
                  0x006438                  _ee_set_HMt_ADRESS_REAL
                  0x006450                  _ee_get_LUT_ADRESS
                  0x006470                  _ee_set_LUT_ADRESS
                  0x006494                  _ee_get_Que_Alarm_ADRESS
                  0x0064b4                  _ee_set_Que_Alarm_ADRESS
                  0x0064d8                  _ee_get_Byte_Type_ADRESS
                  0x0064f8                  _ee_set_Byte_Type_ADRESS
                  0x00651c                  _ee_get_Word_Type_ADRESS
                  0x00653c                  _ee_set_Word_Type_ADRESS
                  0x006560                  _ee_get_Real_Type_ADRESS
                  0x006580                  _ee_set_Real_Type_ADRESS
                  0x0065a4                  _ee_get_Float_Type_ADRESS
                  0x0065c4                  _ee_set_Float_Type_ADRESS
                  0x0065e8                  _ee_get_Flag_Type_ADRESS
                  0x006608                  _ee_set_Flag_Type_ADRESS
                  0x00662c                  _ee_get_POINTER_OF_LAST_EVENT
                  0x006640                  _ee_set_POINTER_OF_LAST_EVENT

.dinit            0x006658         0x4e
 .dinit           0x006658         0x4e data_init

.init.delay32     0x0066a6         0x1c
 .init.delay32    0x0066a6         0x1c c:/program files (x86)/microchip/xc16/v1.26/bin/bin/../../lib\liblega-pic30-elf.a(delay32.Leo)
                  0x0066a6                  ___delay32

.shared.dinit     0x0066c2          0x2
 .shared.dinit    0x0066c2          0x2 shared_data_init

_04666060596341fd
                    0xfc00        0x1fe load address 0x7ffc00  
 _04666060596341fd
                    0xfc00        0x1fe build/default/production/eeprom.o
                    0xfc00                  _LUT_ADRESS

_04666720596341fd
                    0xfdfe         0x70 load address 0x7ffdfe  
 _04666720596341fd
                    0xfdfe         0x70 build/default/production/eeprom.o
                    0xfdfe                  _Flag_Type_ADRESS

_04666180596341fd
                    0xfe6e         0x20 load address 0x7ffe6e  
 _04666180596341fd
                    0xfe6e         0x20 build/default/production/eeprom.o
                    0xfe6e                  _Que_Alarm_ADRESS

_046662A0596341fd
                    0xfe8e         0x1e load address 0x7ffe8e  
 _046662A0596341fd
                    0xfe8e         0x1e build/default/production/eeprom.o
                    0xfe8e                  _Byte_Type_ADRESS

_046664E0596341fd
                    0xfeac         0x12 load address 0x7ffeac  
 _046664E0596341fd
                    0xfeac         0x12 build/default/production/eeprom.o
                    0xfeac                  _Real_Type_ADRESS

_04666600596341fd
                    0xfebe         0x12 load address 0x7ffebe  
 _04666600596341fd
                    0xfebe         0x12 build/default/production/eeprom.o
                    0xfebe                  _Float_Type_ADRESS

_046663C0596341fd
                    0xfed0         0x10 load address 0x7ffed0  
 _046663C0596341fd
                    0xfed0         0x10 build/default/production/eeprom.o
                    0xfed0                  _Word_Type_ADRESS

_0465D660596341fd
                    0xfee0          0x2 load address 0x7ffee0  
 _0465D660596341fd
                    0xfee0          0x2 build/default/production/eeprom.o
                    0xfee0                  _EEPROM_DAM

_0465D6C0596341fd
                    0xfee2          0x2 load address 0x7ffee2  
 _0465D6C0596341fd
                    0xfee2          0x2 build/default/production/eeprom.o
                    0xfee2                  _Lbt_ADRESS_WORD

_0465D720596341fd
                    0xfee4          0x2 load address 0x7ffee4  
 _0465D720596341fd
                    0xfee4          0x2 build/default/production/eeprom.o
                    0xfee4                  _Lbt_ADRESS_REAL

_0465D780596341fd
                    0xfee6          0x2 load address 0x7ffee6  
 _0465D780596341fd
                    0xfee6          0x2 build/default/production/eeprom.o
                    0xfee6                  _Hbt_ADRESS_WORD

_0465D7E0596341fd
                    0xfee8          0x2 load address 0x7ffee8  
 _0465D7E0596341fd
                    0xfee8          0x2 build/default/production/eeprom.o
                    0xfee8                  _Hbt_ADRESS_REAL

_0465D840596341fd
                    0xfeea          0x2 load address 0x7ffeea  
 _0465D840596341fd
                    0xfeea          0x2 build/default/production/eeprom.o
                    0xfeea                  _LOU_ADRESS_WORD

_0465D8A0596341fd
                    0xfeec          0x2 load address 0x7ffeec  
 _0465D8A0596341fd
                    0xfeec          0x2 build/default/production/eeprom.o
                    0xfeec                  _HOU_ADRESS_WORD

_0465D900596341fd
                    0xfeee          0x2 load address 0x7ffeee  
 _0465D900596341fd
                    0xfeee          0x2 build/default/production/eeprom.o
                    0xfeee                  _HOU_ADRESS_REAL

_0465D960596341fd
                    0xfef0          0x2 load address 0x7ffef0  
 _0465D960596341fd
                    0xfef0          0x2 build/default/production/eeprom.o
                    0xfef0                  _LIU_ADRESS_WORD

_0465D9C0596341fd
                    0xfef2          0x2 load address 0x7ffef2  
 _0465D9C0596341fd
                    0xfef2          0x2 build/default/production/eeprom.o
                    0xfef2                  _HIU_ADRESS_WORD

_0465DA20596341fd
                    0xfef4          0x2 load address 0x7ffef4  
 _0465DA20596341fd
                    0xfef4          0x2 build/default/production/eeprom.o
                    0xfef4                  _HIU_ADRESS_REAL

_0465DA80596341fd
                    0xfef6          0x2 load address 0x7ffef6  
 _0465DA80596341fd
                    0xfef6          0x2 build/default/production/eeprom.o
                    0xfef6                  _LbC_ADRESS_WORD

_0465DAE0596341fd
                    0xfef8          0x2 load address 0x7ffef8  
 _0465DAE0596341fd
                    0xfef8          0x2 build/default/production/eeprom.o
                    0xfef8                  _HbC_ADRESS_WORD

_0465DB40596341fd
                    0xfefa          0x2 load address 0x7ffefa  
 _0465DB40596341fd
                    0xfefa          0x2 build/default/production/eeprom.o
                    0xfefa                  _HbC_ADRESS_REAL

_0465DBA0596341fd
                    0xfefc          0x2 load address 0x7ffefc  
 _0465DBA0596341fd
                    0xfefc          0x2 build/default/production/eeprom.o
                    0xfefc                  _LLC_ADRESS_WORD

_0465DC00596341fd
                    0xfefe          0x2 load address 0x7ffefe  
 _0465DC00596341fd
                    0xfefe          0x2 build/default/production/eeprom.o
                    0xfefe                  _HLC_ADRESS_WORD

_0465DC60596341fd
                    0xff00          0x2 load address 0x7fff00  
 _0465DC60596341fd
                    0xff00          0x2 build/default/production/eeprom.o
                    0xff00                  _HLC_ADRESS_REAL

_0465DCC0596341fd
                    0xff02          0x2 load address 0x7fff02  
 _0465DCC0596341fd
                    0xff02          0x2 build/default/production/eeprom.o
                    0xff02                  _LHt_ADRESS_WORD

_0465DD20596341fd
                    0xff04          0x2 load address 0x7fff04  
 _0465DD20596341fd
                    0xff04          0x2 build/default/production/eeprom.o
                    0xff04                  _LHt_ADRESS_REAL

_0465DD80596341fd
                    0xff06          0x2 load address 0x7fff06  
 _0465DD80596341fd
                    0xff06          0x2 build/default/production/eeprom.o
                    0xff06                  _HHt_ADRESS_WORD

_0465DDE0596341fd
                    0xff08          0x2 load address 0x7fff08  
 _0465DDE0596341fd
                    0xff08          0x2 build/default/production/eeprom.o
                    0xff08                  _HHt_ADRESS_REAL

_0465DE40596341fd
                    0xff0a          0x2 load address 0x7fff0a  
 _0465DE40596341fd
                    0xff0a          0x2 build/default/production/eeprom.o
                    0xff0a                  _HMt_ADRESS_WORD

_0465DEA0596341fd
                    0xff0c          0x2 load address 0x7fff0c  
 _0465DEA0596341fd
                    0xff0c          0x2 build/default/production/eeprom.o
                    0xff0c                  _HMt_ADRESS_REAL

_0465DF00596341fd
                    0xff0e          0x2 load address 0x7fff0e  
 _0465DF00596341fd
                    0xff0e          0x2 build/default/production/eeprom.o
                    0xff0e                  _POINTER_OF_LAST_EVENT
